[www.rdjstartups.ie/index.html]
[backblue.gif]
[fade.gif]
[index.html]
[www.rdjstartups.ie/favicon77ae.ico]
[www.rdjstartups.ie/faviconset/apple-touch-icon.png]
[www.rdjstartups.ie/faviconset/favicon-32x32.png]
[www.rdjstartups.ie/faviconset/favicon-16x16.png]
[www.rdjstartups.ie/faviconset/manifest.json]
[www.rdjstartups.ie/faviconset/favicon.ico]
[www.rdjstartups.ie/faviconset/browserconfig.xml]
[www.rdjstartups.ie/css/application7839.css]
[ajax.googleapis.com/ajax/libs/jquery/1.12.4/jquery.min.js]
[www.rdjstartups.ie/assets/jquery/imageMapResizer.min.js]
[www.rdjstartups.ie/assets/jquery/jquery.matchHeight.js]
[www.rdjstartups.ie/assets/jqueryvalidation/jquery.validate.min.js]
[www.rdjstartups.ie/cookie-policy.html]
[www.rdjstartups.ie/our-approach.html]
[www.rdjstartups.ie/startup-guide.html]
[www.rdjstartups.ie/meet-the-team.html]
[www.rdjstartups.ie/blog.html]
[www.rdjstartups.ie/faqs.html]
[www.rdjstartups.ie/startup-academy.html]
[www.rdjstartups.ie/legal-templates.html]
[www.rdjstartups.ie/videos/RDJ-Start-up-Team_9.mp4]
[www.rdjstartups.ie/get-in-touch]
[www.rdjstartups.ie/videos/RDJ-Start-up-Team_9.webm]
[www.rdjstartups.ie/videos/thumbs/170622-RDJ-0057.jpg]
[www.rdjstartups.ie/videos/thumbs/mobile.jpg]
[www.rdjstartups.ie/images/layout/services/fig_1.png]
[www.rdjstartups.ie/contentFiles/servicesBanners/img_01.jpg]
[www.rdjstartups.ie/getting-started.html]
[www.rdjstartups.ie/images/layout/services/fig_2.png]
[www.rdjstartups.ie/contentFiles/servicesBanners/img_02.jpg]
[www.rdjstartups.ie/choosing-the-right-business-vehicle.html]
[www.rdjstartups.ie/images/layout/services/fig_3.png]
[www.rdjstartups.ie/contentFiles/servicesBanners/img_03.jpg]
[www.rdjstartups.ie/financing-your-startup.html]
[www.rdjstartups.ie/images/layout/services/fig_6.png]
[www.rdjstartups.ie/contentFiles/servicesBanners/img_06.jpg]
[www.rdjstartups.ie/tax.html]
[www.rdjstartups.ie/images/layout/services/fig_5.png]
[www.rdjstartups.ie/contentFiles/servicesBanners/iStock-686935828.jpg]
[www.rdjstartups.ie/intellectual-property.html]
[www.rdjstartups.ie/images/layout/services/fig_4.png]
[www.rdjstartups.ie/contentFiles/servicesBanners/img_04.jpg]
[www.rdjstartups.ie/key-contracts.html]
[www.rdjstartups.ie/images/layout/logo-startups.png]
[www.rdjstartups.ie/contentFiles/components/GDBlog/26/thumbnails/Code-Magnifyingglass.jpg]
[www.rdjstartups.ie/contentFiles/components/GDBlog/26/thumbnails/DataTransfer.jpg]
[www.rdjstartups.ie/contentFiles/components/GDBlog/26/thumbnails/SearchEngine1.jpg]
[www.rdjstartups.ie/blog/post/dedicated-cybercrime-legislation-in-ireland--worth-the-wait-/index.html]
[www.rdjstartups.ie/contentFiles/components/GDBlog/26/thumbnails/1488474776345Cyber.jpg]
[www.rdjstartups.ie/blog/post/international-data-transfers-update/index.html]
[www.rdjstartups.ie/contentFiles/components/GDBlog/26/thumbnails/Countdown.jpg]
[www.rdjstartups.ie/blog/post/google-fined--2-42-billion-by-european-commission-for-breach-of-antitrust-rules/index.html]
[www.rdjstartups.ie/contentFiles/components/GDBlog/26/thumbnails/AnnualReport1.jpg]
[www.rdjstartups.ie/blog/post/data-protection-officers--guidance-issued-on-key-gdpr-requirement/index.html]
[www.rdjstartups.ie/contentFiles/components/GDBlog/26/thumbnails/Documentpadlock.jpg]
[www.rdjstartups.ie/blog/post/this-time-next-year--only-one-year-to-go-to-gdpr-/index.html]
[www.rdjstartups.ie/contentFiles/components/GDBlog/26/thumbnails/CharityRegulation.jpg]
[www.rdjstartups.ie/blog/post/important-notes-for-tech-companies-in-data-protection-commissioner-annual-report-for-2016/index.html]
[www.rdjstartups.ie/contentFiles/components/GDBlog/26/thumbnails/1492512811799_Drone.jpg]
[www.rdjstartups.ie/images/layout/footer_bg.png]
[www.rdjstartups.ie/blog/post/completing-the-gdpr-picture-in-ireland/index.html]
[www.rdjstartups.ie/blog/post/knowledge-development-box-update/index.html]
[www.rdjstartups.ie/sitemap.html]
[www.rdjstartups.ie/blog/post/drones--no-longer-flying-under-the-radar/index.html]
[www.rdjstartups.ie/privacy.html]
[www.rdjstartups.ie/terms-of-use.html]
[www.rdjstartups.ie/js/main7839.js]
[platform-api.sharethis.com/js/sharethis.js]
[www.rdjstartups.ie/index.html]
[www.rdjstartups.ie/faviconset/safari-pinned-tab.svg]
[www.rdjstartups.ie/js/vendor.min.js]
[www.rdjstartups.ie/fonts/bootstrap/glyphicons-halflings-regular.eot]
[www.rdjstartups.ie/fonts/bootstrap/glyphicons-halflings-regular.woff2]
[www.rdjstartups.ie/fonts/bootstrap/glyphicons-halflings-regulard41d.eot]
[www.rdjstartups.ie/fonts/bootstrap/glyphicons-halflings-regular.woff]
[www.rdjstartups.ie/fonts/bootstrap/glyphicons-halflings-regular.ttf]
[www.rdjstartups.ie/fonts/fontawesome-webfont3e6e.eot]
[www.rdjstartups.ie/fonts/fontawesome-webfontd41d.eot]
[www.rdjstartups.ie/fonts/fontawesome-webfont3e6e.woff2]
[www.rdjstartups.ie/fonts/fontawesome-webfont3e6e.woff]
[www.rdjstartups.ie/fonts/fontawesome-webfont3e6e.ttf]
[www.rdjstartups.ie/assets/fancybox/blank.gif]
[www.rdjstartups.ie/assets/fancybox/fancybox_sprite.png]
[www.rdjstartups.ie/assets/fancybox/fancybox_loading.gif]
[www.rdjstartups.ie/assets/fancybox/fancybox_overlay.png]
[www.rdjstartups.ie/assets/fancybox/fancybox_sprite@2x.png]
[www.rdjstartups.ie/assets/fancybox/fancybox_loading@2x.gif]
[www.rdjstartups.ie/images/layout/logo.png]
[www.rdjstartups.ie/images/layout/logo_small.png]
[www.rdjstartups.ie/images/layout/ajax-loader.gif]
[www.rdjstartups.ie/images/layout/arrow-prev.png]
[www.rdjstartups.ie/images/layout/arrow-next.png]
[www.rdjstartups.ie/images/layout/logo_big.png]
[www.rdjstartups.ie/images/layout/team_bg.jpg]
[www.rdjstartups.ie/css/application7839.css]
[www.rdjstartups.ie/contentFiles/innerpageBanners/imgBanner1.jpg]
[www.rdjstartups.ie/cookie-policy.html]
[www.rdjstartups.ie/contentFiles/innerpageBanners/1499093235049_170622-RDJ-0051.jpg]
[www.rdjstartups.ie/contentFiles/imageSnippets/iStock-629667248.jpg]
[www.rdjstartups.ie/contentFiles/imageSnippets/iStock-500111062.jpg]
[www.rdjstartups.ie/our-approach.html]
[www.rdjstartups.ie/contentFiles/innerpageBanners/1501595117151_iStock-629667248.jpg]
[www.rdjstartups.ie/startup-guide.html]
[www.rdjstartups.ie/dccom/components/TWStaffProfiles/styles/Default/css/staffprofile.css]
[www.rdjstartups.ie/dccom/components/TWStaffProfiles/styles/Default/js/staffprofile.js]
[www.rdjstartups.ie/contentFiles/components/twStaffProfiles/45/DiarmaidGavin.jpg]
[www.rdjstartups.ie/contentFiles/components/twStaffProfiles/45/ElenaVassileva.jpg]
[www.rdjstartups.ie/contentFiles/components/twStaffProfiles/45/JpGilmartin.jpg]
[www.rdjstartups.ie/contentFiles/components/twStaffProfiles/45/FinínOBrien.jpg]
[www.rdjstartups.ie/contentFiles/components/twStaffProfiles/45/GillianKeating.jpg]
[www.rdjstartups.ie/contentFiles/components/twStaffProfiles/45/ColmManning.jpg]
[www.rdjstartups.ie/contentFiles/components/twStaffProfiles/45/SeanOReilly.jpg]
[www.rdjstartups.ie/contentFiles/components/twStaffProfiles/45/team.jpg]
[www.rdjstartups.ie/contentFiles/components/twStaffProfiles/45/DiarmaidGavinMobile.jpg]
[www.rdjstartups.ie/contentFiles/components/twStaffProfiles/45/ElenaVassilevaMobile.jpg]
[www.rdjstartups.ie/contentFiles/components/twStaffProfiles/45/JpGilmartinMobile.jpg]
[www.rdjstartups.ie/contentFiles/components/twStaffProfiles/45/FinínOBrienMobile.jpg]
[www.rdjstartups.ie/contentFiles/components/twStaffProfiles/45/GillianKeatingMobile.jpg]
[www.rdjstartups.ie/contentFiles/components/twStaffProfiles/45/ColmManningMobile.jpg]
[www.rdjstartups.ie/contentFiles/components/twStaffProfiles/45/SeanOReillyMobile.jpg]
[www.rdjstartups.ie/meet-the-team.html]
[www.rdjstartups.ie/dcCom/components/GDBlog/styles/bootstrap-v2/css/blog.css]
[www.rdjstartups.ie/contentFiles/innerpageBanners/iStock-681735120.jpg]
[cdnjs.cloudflare.com/ajax/libs/jquery.matchHeight/0.7.2/jquery.matchHeight-min.js]
[www.rdjstartups.ie/blog.html]
[www.rdjstartups.ie/blog/pageNum/1/index.html]
[www.rdjstartups.ie/blog/pageNum/2/index.html]
[www.rdjstartups.ie/dccom/components/GDHtmlFaq/styles/Default/style.css]
[cdn.ckeditor.com/4.5.10/basic/ckeditor.js]
[www.rdjstartups.ie/contentFiles/innerpageBanners/iStock-686274516.jpg]
[www.rdjstartups.ie/faqs.html]
[www.rdjstartups.ie/dcCom/components/gdEvents/styles/rdjstartups/css/events.css]
[www.rdjstartups.ie/dcCom/components/gdEvents/styles/rdjstartups/js/events.js]
[www.rdjstartups.ie/contentFiles/innerpageBanners/EMPTYCHAIRS170622-RDJ-01951.jpg]
[www.rdjstartups.ie/startup-academy.html]
[www.rdjstartups.ie/dccom/components/GDDocuments/styles/Default/style.css]
[www.rdjstartups.ie/dccom/components/GDDocuments/assets/datatables/css/jquery.dataTables.min.css]
[www.rdjstartups.ie/dccom/components/GDDocuments/assets/datatables/js/jquery.dataTables.min.js]
[www.rdjstartups.ie/contentFiles/innerpageBanners/RDJLegalTemplatesBannerImage-02.jpg]
[www.rdjstartups.ie/contentFiles/components/GdDocuments/39/images/4.jpg]
[www.rdjstartups.ie/contentFiles/components/GdDocuments/39/images/2.jpg]
[www.rdjstartups.ie/contentFiles/components/GdDocuments/39/images/3.jpg]
[www.rdjstartups.ie/contentFiles/components/GdDocuments/39/images/6.jpg]
[www.rdjstartups.ie/contentFiles/components/GdDocuments/39/images/1.jpg]
[www.rdjstartups.ie/legal-templates.html]
[www.rdjstartups.ie/siteEngine/js/mouseMovement.js]
[www.rdjstartups.ie/siteEngine/js/usedKeyboard.js]
[www.rdjstartups.ie/contentFiles/innerpageBanners/1499093182009_170622-RDJ-0053.jpg]
[www.rdjstartups.ie/get-in-touch]
[www.rdjstartups.ie/images/layout/services/fig_1_white.png]
[www.rdjstartups.ie/contentFiles/innerpageBanners/iStock24720884XLARGE.jpg]
[www.rdjstartups.ie/getting-started.html]
[www.rdjstartups.ie/images/layout/services/fig_2_white.png]
[www.rdjstartups.ie/contentFiles/innerpageBanners/iStock-520710008.jpg]
[www.rdjstartups.ie/choosing-the-right-business-vehicle.html]
[www.rdjstartups.ie/images/layout/services/fig_3_white.png]
[www.rdjstartups.ie/contentFiles/innerpageBanners/iStock-495640194.jpg]
[www.rdjstartups.ie/financing-your-startup.html]
[www.rdjstartups.ie/images/layout/services/fig_6_white.png]
[www.rdjstartups.ie/contentFiles/innerpageBanners/iStock75154799XLARGE.jpg]
[www.rdjstartups.ie/tax.html]
[www.rdjstartups.ie/images/layout/services/fig_5_white.png]
[www.rdjstartups.ie/contentFiles/innerpageBanners/iStock-686935828.jpg]
[www.rdjstartups.ie/intellectual-property.html]
[www.rdjstartups.ie/images/layout/services/fig_4_white.png]
[www.rdjstartups.ie/contentFiles/innerpageBanners/iStock72891537XLARGE1.jpg]
[www.rdjstartups.ie/key-contracts.html]
[www.rdjstartups.ie/blog/post/dedicated-cybercrime-legislation-in-ireland--worth-the-wait-/index.html]
[www.rdjstartups.ie/blog/post/international-data-transfers-update/index.html]
[www.rdjstartups.ie/blog/post/google-fined--2-42-billion-by-european-commission-for-breach-of-antitrust-rules/index.html]
[www.rdjstartups.ie/blog/post/data-protection-officers--guidance-issued-on-key-gdpr-requirement/index.html]
[www.rdjstartups.ie/blog/post/this-time-next-year--only-one-year-to-go-to-gdpr-/index.html]
[www.rdjstartups.ie/blog/post/important-notes-for-tech-companies-in-data-protection-commissioner-annual-report-for-2016/index.html]
[www.rdjstartups.ie/blog/post/completing-the-gdpr-picture-in-ireland/index.html]
[www.rdjstartups.ie/blog/post/knowledge-development-box-update/index.html]
[www.rdjstartups.ie/blog/post/drones--no-longer-flying-under-the-radar/index.html]
[www.rdjstartups.ie/dcCom/components/GDSitemap/styles/default/style.css]
[www.rdjstartups.ie/dcCom/components/GDSitemap/filetypes/unknown.gif]
[www.rdjstartups.ie/search.html]
[www.rdjstartups.ie/login.html]
[www.rdjstartups.ie/standard-terms-and-conditions-for-seed_venture-investment.html]
[www.rdjstartups.ie/sitemap.html]
[www.rdjstartups.ie/privacy.html]
[www.rdjstartups.ie/terms-of-use.html]
[www.rdjstartups.ie/fonts/bootstrap/glyphicons-halflings-regular.svg]
[www.rdjstartups.ie/fonts/fontawesome-webfont3e6e.svg]
[www.rdjstartups.ie/assets/fancybox/fancybox_buttons.html]
[www.rdjstartups.ie/css/ajax-loader.html]
[www.rdjstartups.ie/css/fonts/slick.html]
[www.rdjstartups.ie/css/fonts/slickd41d.html]
[www.rdjstartups.ie/css/fonts/slick-2.html]
[www.rdjstartups.ie/css/fonts/slick-3.html]
[www.rdjstartups.ie/css/fonts/slick-4.html]
[www.rdjstartups.ie/images/layout/services/fig__white.html]
[www.rdjstartups.ie/dccom/components/TWStaffProfiles/styles/Default/css/staffprofile.css]
[www.rdjstartups.ie/dcCom/components/GDBlog/styles/bootstrap-v2/css/blog.css]
[www.rdjstartups.ie/blog/pageNum/1/index.html]
[www.rdjstartups.ie/contentFiles/components/GDBlog/26/thumbnails/LifeSciences.jpg]
[www.rdjstartups.ie/contentFiles/components/GDBlog/26/thumbnails/Driver-Phone.jpg]
[www.rdjstartups.ie/blog/post/has-it-just-got-easier-for-small-companies-to-claim-the-r-d-credit-/index.html]
[www.rdjstartups.ie/contentFiles/components/GDBlog/26/thumbnails/Smartphone1.jpg]
[www.rdjstartups.ie/blog/post/the-gig-economy-and-employment-rights/index.html]
[www.rdjstartups.ie/blog/post/byod---an-employer-s-perspective-on--bring-your-own-device-/index.html]
[www.rdjstartups.ie/contentFiles/components/GDBlog/26/thumbnails/AMCHAM.jpg]
[www.rdjstartups.ie/blog/post/american-chamber-of-commerce-future-leaders--hackathon-2017/index.html]
[www.rdjstartups.ie/contentFiles/components/GDBlog/26/thumbnails/ServerRoom-Tech.jpg]
[www.rdjstartups.ie/blog/post/international-transfers-of-personal-data-under-scrutiny-in-irish-courts/index.html]
[www.rdjstartups.ie/contentFiles/components/GDBlog/26/thumbnails/laptoplock.jpg]
[www.rdjstartups.ie/blog/pageNum/2/index.html]
[www.rdjstartups.ie/blog/post/data-security-breach-response-plan-/index.html]
[www.rdjstartups.ie/blog/post/international-data-transfers-post-schrems/index.html]
[www.rdjstartups.ie/dccom/components/GDHtmlFaq/styles/Default/style.css]
[www.rdjstartups.ie/blog/post/one-to-watch-for-2017--cybercrime-legislation/index.html]
[www.rdjstartups.ie/dcCom/components/gdEvents/styles/rdjstartups/images/events/eventCalendar.png]
[www.rdjstartups.ie/dcCom/components/gdEvents/styles/rdjstartups/images/events/bgDate.png]
[www.rdjstartups.ie/dcCom/components/gdEvents/styles/rdjstartups/css/events.css]
[www.rdjstartups.ie/dccom/components/GDDocuments/styles/Default/images/icons/download.png]
[www.rdjstartups.ie/dccom/components/GDDocuments/styles/Default/style.css]
[www.rdjstartups.ie/dccom/components/GDDocuments/assets/datatables/images/sort_both.png]
[www.rdjstartups.ie/dccom/components/GDDocuments/assets/datatables/images/sort_asc.png]
[www.rdjstartups.ie/dccom/components/GDDocuments/assets/datatables/images/sort_desc.png]
[www.rdjstartups.ie/dccom/components/GDDocuments/assets/datatables/images/sort_asc_disabled.png]
[www.rdjstartups.ie/dccom/components/GDDocuments/assets/datatables/images/sort_desc_disabled.png]
[www.rdjstartups.ie/dccom/components/GDDocuments/assets/datatables/css/jquery.dataTables.min.css]
[www.rdjstartups.ie/our-people/id/sean-o'reilly/index.html]
[www.rdjstartups.ie/insights/dedicated-cybercrime-legislation-in-ireland--worth-the-wait-0046.html]
[www.rdjstartups.ie/our-people/id/elena/index.html]
[www.rdjstartups.ie/data-protection.html]
[www.rdjstartups.ie/insights/key-takeaways-from-the-data-protection-commissioner-s-2016-annual-reportfdb2.html]
[www.rdjstartups.ie/our-people/id/diarmaid-gavin/index.html]
[www.rdjstartups.ie/our-people/id/john/index.html]
[www.rdjstartups.ie/dcCom/components/GDSitemap/styles/default/icons/map_vert.gif]
[www.rdjstartups.ie/dcCom/components/GDSitemap/styles/default/icons/map_last.gif]
[www.rdjstartups.ie/dcCom/components/GDSitemap/styles/default/icons/map_midd.gif]
[www.rdjstartups.ie/dcCom/components/GDSitemap/styles/default/style.css]
[www.rdjstartups.ie/dcCom/components/GDSiteSearch/styles/default/style.css]
[www.rdjstartups.ie/search.html]
[www.rdjstartups.ie/login.html]
[www.rdjstartups.ie/standard-terms-and-conditions-for-seed_venture-investment.html]
[www.rdjstartups.ie/mailto_startups@rdj.html]
[www.rdjstartups.ie/blog/post/has-it-just-got-easier-for-small-companies-to-claim-the-r-d-credit-/index.html]
[www.rdjstartups.ie/blog/post/the-gig-economy-and-employment-rights/index.html]
[www.rdjstartups.ie/blog/post/byod---an-employer-s-perspective-on--bring-your-own-device-/index.html]
[www.rdjstartups.ie/blog/post/american-chamber-of-commerce-future-leaders--hackathon-2017/index.html]
[www.rdjstartups.ie/blog/post/international-transfers-of-personal-data-under-scrutiny-in-irish-courts/index.html]
[www.rdjstartups.ie/blog/post/data-security-breach-response-plan-/index.html]
[www.rdjstartups.ie/blog/post/international-data-transfers-post-schrems/index.html]
[www.rdjstartups.ie/blog/post/one-to-watch-for-2017--cybercrime-legislation/index.html]
[www.rdjstartups.ie/dcCom/components/gdEvents/styles/rdjstartups/images/layout/bgCalendarBlue2.html]
[www.rdjstartups.ie/dcCom/components/gdEvents/styles/rdjstartups/images/events/today.html]
[www.rdjstartups.ie/dcCom/components/GDSiteSearch/styles/default/style.css]
[www.rdjstartups.ie/our-people/id/mark/index.html]
[www.rdjstartups.ie/our-people/id/harry/index.html]
[www.rdjstartups.ie/our-people/id/finin/index.html]
[www.rdjstartups.ie/dcCom/components/GDSiteSearch/styles/images/layout/miniCartNip.html]
